--> d_model=  16  seq_len=   64  backend=eager ...
--> d_model=  16  seq_len=   64  backend=compiled ...
--> d_model=  16  seq_len=  128  backend=eager ...
--> d_model=  16  seq_len=  128  backend=compiled ...
--> d_model=  16  seq_len=  256  backend=eager ...
--> d_model=  16  seq_len=  256  backend=compiled ...
--> d_model=  16  seq_len=  512  backend=eager ...
--> d_model=  16  seq_len=  512  backend=compiled ...
--> d_model=  16  seq_len= 1024  backend=eager ...
--> d_model=  16  seq_len= 1024  backend=compiled ...
--> d_model=  32  seq_len=   64  backend=eager ...
--> d_model=  32  seq_len=   64  backend=compiled ...
--> d_model=  32  seq_len=  128  backend=eager ...
--> d_model=  32  seq_len=  128  backend=compiled ...
--> d_model=  32  seq_len=  256  backend=eager ...
--> d_model=  32  seq_len=  256  backend=compiled ...
--> d_model=  32  seq_len=  512  backend=eager ...
--> d_model=  32  seq_len=  512  backend=compiled ...
--> d_model=  32  seq_len= 1024  backend=eager ...
--> d_model=  32  seq_len= 1024  backend=compiled ...
--> d_model=  64  seq_len=   64  backend=eager ...
--> d_model=  64  seq_len=   64  backend=compiled ...
--> d_model=  64  seq_len=  128  backend=eager ...
--> d_model=  64  seq_len=  128  backend=compiled ...
--> d_model=  64  seq_len=  256  backend=eager ...
--> d_model=  64  seq_len=  256  backend=compiled ...
--> d_model=  64  seq_len=  512  backend=eager ...
--> d_model=  64  seq_len=  512  backend=compiled ...
--> d_model=  64  seq_len= 1024  backend=eager ...
--> d_model=  64  seq_len= 1024  backend=compiled ...
--> d_model= 128  seq_len=   64  backend=eager ...
--> d_model= 128  seq_len=   64  backend=compiled ...
--> d_model= 128  seq_len=  128  backend=eager ...
--> d_model= 128  seq_len=  128  backend=compiled ...
--> d_model= 128  seq_len=  256  backend=eager ...
--> d_model= 128  seq_len=  256  backend=compiled ...
--> d_model= 128  seq_len=  512  backend=eager ...
--> d_model= 128  seq_len=  512  backend=compiled ...
--> d_model= 128  seq_len= 1024  backend=eager ...
--> d_model= 128  seq_len= 1024  backend=compiled ...

d_model seq_len |  fwd eager   fwd comp  fwd x |  bwd eager   bwd comp  bwd x |  mem (MiB)
------------------------------------------------------------------------------------------
     16      64 |      0.386      0.329   1.17 |      2.097      1.221   1.72 |       16.6
     16     128 |      0.404      0.551   0.73 |      2.033      1.394   1.46 |       17.5
     16     256 |      0.527      0.444   1.19 |      2.070      1.263   1.64 |       20.8
     16     512 |      0.481      0.571   0.84 |      1.572      1.266   1.24 |       33.3
     16    1024 |      0.792      0.575   1.38 |      2.420      1.439   1.68 |       82.3
     32      64 |      0.449      0.546   0.82 |      2.146      1.271   1.69 |       16.8
     32     128 |      0.426      0.555   0.77 |      1.691      1.409   1.20 |       17.8
     32     256 |      0.476      0.416   1.14 |      2.245      1.546   1.45 |       21.3
     32     512 |      0.496      0.624   0.79 |      2.407      2.308   1.04 |       34.3
     32    1024 |      0.815      0.903   0.90 |      2.492      2.481   1.00 |       84.3
     64      64 |      0.453      0.636   0.71 |      1.800      1.951   0.92 |       17.0
     64     128 |      0.488      0.635   0.77 |      1.860      1.970   0.94 |       18.3
     64     256 |      0.489      0.687   0.71 |      2.247      2.381   0.94 |       22.3
     64     512 |      0.525      0.720   0.73 |      2.369      2.373   1.00 |       36.3
     64    1024 |      0.829      0.881   0.94 |      2.550      2.440   1.05 |       88.3
    128      64 |      0.463      0.708   0.65 |      2.283      2.376   0.96 |       17.5
    128     128 |      0.454      0.684   0.66 |      2.328      2.388   0.97 |       19.3
    128     256 |      0.418      0.694   0.60 |      2.286      2.371   0.96 |       24.3
    128     512 |      0.524      0.672   0.78 |      2.376      2.368   1.00 |       40.3
    128    1024 |      0.889      0.944   0.94 |      2.333      2.268   1.03 |       96.3
